// Jest Snapshot v1, https://goo.gl/fbAQLP

exports[`Should render <Navbar /> 1`] = `
<DocumentFragment>
  <div
    class="nav-container"
  >
    <div
      class="logo-container"
    >
      <img
        alt="logo"
        src="logo.png"
      />
    </div>
    <ul>
      <li
        class="active"
      >
        <a>
          Home
        </a>
      </li>
      <li
        class=""
      >
        <a>
          Road Info
        </a>
      </li>
    </ul>
  </div>
</DocumentFragment>
`;
